------------------------------------------------------------
Timing Analyzer Summary
------------------------------------------------------------

Type  : Slow 1200mV 85C Model Setup 'pll1|altpll_component|auto_generated|pll1|clk[0]'
Slack : 14.350
TNS   : 0.000

Type  : Slow 1200mV 85C Model Hold 'pll1|altpll_component|auto_generated|pll1|clk[0]'
Slack : 0.424
TNS   : 0.000

Type  : Slow 1200mV 85C Model Recovery 'pll1|altpll_component|auto_generated|pll1|clk[0]'
Slack : 17.198
TNS   : 0.000

Type  : Slow 1200mV 85C Model Removal 'pll1|altpll_component|auto_generated|pll1|clk[0]'
Slack : 1.776
TNS   : 0.000

Type  : Slow 1200mV 85C Model Minimum Pulse Width 'pll1|altpll_component|auto_generated|pll1|clk[0]'
Slack : 9.740
TNS   : 0.000

Type  : Slow 1200mV 85C Model Minimum Pulse Width 'max10_clk1_50'
Slack : 9.820
TNS   : 0.000

Type  : Slow 1200mV 0C Model Setup 'pll1|altpll_component|auto_generated|pll1|clk[0]'
Slack : 14.703
TNS   : 0.000

Type  : Slow 1200mV 0C Model Hold 'pll1|altpll_component|auto_generated|pll1|clk[0]'
Slack : 0.343
TNS   : 0.000

Type  : Slow 1200mV 0C Model Recovery 'pll1|altpll_component|auto_generated|pll1|clk[0]'
Slack : 17.353
TNS   : 0.000

Type  : Slow 1200mV 0C Model Removal 'pll1|altpll_component|auto_generated|pll1|clk[0]'
Slack : 1.546
TNS   : 0.000

Type  : Slow 1200mV 0C Model Minimum Pulse Width 'pll1|altpll_component|auto_generated|pll1|clk[0]'
Slack : 9.717
TNS   : 0.000

Type  : Slow 1200mV 0C Model Minimum Pulse Width 'max10_clk1_50'
Slack : 9.830
TNS   : 0.000

Type  : Fast 1200mV 0C Model Setup 'pll1|altpll_component|auto_generated|pll1|clk[0]'
Slack : 17.449
TNS   : 0.000

Type  : Fast 1200mV 0C Model Hold 'pll1|altpll_component|auto_generated|pll1|clk[0]'
Slack : 0.211
TNS   : 0.000

Type  : Fast 1200mV 0C Model Recovery 'pll1|altpll_component|auto_generated|pll1|clk[0]'
Slack : 18.670
TNS   : 0.000

Type  : Fast 1200mV 0C Model Removal 'pll1|altpll_component|auto_generated|pll1|clk[0]'
Slack : 0.786
TNS   : 0.000

Type  : Fast 1200mV 0C Model Minimum Pulse Width 'max10_clk1_50'
Slack : 9.530
TNS   : 0.000

Type  : Fast 1200mV 0C Model Minimum Pulse Width 'pll1|altpll_component|auto_generated|pll1|clk[0]'
Slack : 9.804
TNS   : 0.000

------------------------------------------------------------
